
Running 1 test using 1 worker

[1A[2K[1/1] tests/glide-combined.spec.ts:9:9 › Live Glide Data Grid - Combined › should scan headers and write to multiple columns
[1A[2Ktests/glide-combined.spec.ts:9:9 › Live Glide Data Grid - Combined › should scan headers and write to multiple columns
[HeaderStrat:scrollRight] Scrolled 300, found: 3 visible.

[1A[2K[HeaderStrat:scrollRight] Scrolled 300, found: 3 visible.

[1A[2K[HeaderStrat:scrollRight] Scrolled 300, found: 5 visible.

[1A[2K[HeaderStrat:scrollRight] Scrolled 300, found: 5 visible.

[1A[2K[HeaderStrat:scrollRight] Scrolled 300, found: 5 visible.

[1A[2K[HeaderStrat:scrollRight] Scrolled 300, found: 5 visible.

[1A[2K[HeaderStrat:scrollRight] Scrolled 300, found: 5 visible.

[1A[2K[HeaderStrat:scrollRight] Scrolled 300, found: 4 visible.

[1A[2K[HeaderStrat:scrollRight] Scrolled 300, found: 5 visible.

[1A[2K[HeaderStrat:scrollRight] Scrolled 300, found: 5 visible.

[1A[2K[HeaderStrat:scrollRight] Scrolled 300, found: 4 visible.

[1A[2K[HeaderStrat:scrollRight] Scrolled 300, found: 5 visible.

[1A[2K[HeaderStrat:scrollRight] Scrolled 300, found: 5 visible.

[1A[2K[HeaderStrat:scrollRight] Scrolled 300, found: 4 visible.

[1A[2K[HeaderStrat:scrollRight] Scrolled 300, found: 5 visible.

[1A[2K[HeaderStrat:scrollRight] Scrolled 300, found: 5 visible.

[1A[2K[HeaderStrat:scrollRight] Scrolled 300, found: 4 visible.

[1A[2K[HeaderStrat:scrollRight] Scrolled 300, found: 5 visible.

[1A[2K[HeaderStrat:scrollRight] Scrolled 300, found: 5 visible.

[1A[2K[HeaderStrat:scrollRight] Scrolled 300, found: 5 visible.

[1A[2KHeaders found: [
  [32m'First name'[39m, [32m'Last name'[39m, [32m'Avatar'[39m,    [32m'Email'[39m,
  [32m'Title'[39m,      [32m'More Info'[39m, [32m'Column 6'[39m,  [32m'Column 7'[39m,
  [32m'Column 8'[39m,   [32m'Column 9'[39m,  [32m'Column 10'[39m, [32m'Column 11'[39m,
  [32m'Column 12'[39m,  [32m'Column 13'[39m, [32m'Column 14'[39m, [32m'Column 15'[39m,
  [32m'Column 16'[39m,  [32m'Column 17'[39m, [32m'Column 18'[39m, [32m'Column 19'[39m,
  [32m'Column 20'[39m,  [32m'Column 21'[39m, [32m'Column 22'[39m, [32m'Column 23'[39m,
  [32m'Column 24'[39m,  [32m'Column 25'[39m, [32m'Column 26'[39m, [32m'Column 27'[39m,
  [32m'Column 28'[39m,  [32m'Column 29'[39m, [32m'Column 30'[39m, [32m'Column 31'[39m,
  [32m'Column 32'[39m,  [32m'Column 33'[39m, [32m'Column 34'[39m, [32m'Column 35'[39m,
  [32m'Column 36'[39m,  [32m'Column 37'[39m, [32m'Column 38'[39m, [32m'Column 39'[39m,
  [32m'Column 40'[39m,  [32m'Column 41'[39m, [32m'Column 42'[39m, [32m'Column 43'[39m,
  [32m'Column 44'[39m,  [32m'Column 45'[39m, [32m'Column 46'[39m, [32m'Column 47'[39m,
  [32m'Column 48'[39m,  [32m'Column 49'[39m, [32m'Column 50'[39m, [32m'Column 51'[39m,
  [32m'Column 52'[39m,  [32m'Column 53'[39m, [32m'Column 54'[39m
]

[1A[2KResetting table view...

[1A[2KFirst Row Object: locator('#storybook-preview-iframe').contentFrame().locator('table[role="grid"]').first().locator('tbody tr').first()

[1A[2KFirst Row Email: Coy.Gottlieb@gmail.com

[1A[2KWriting Name: Antigravity

[1A[2K[FillStrategy] Filling column: First name with value: Antigravity

[1A[2KWriting Title: CEO

[1A[2K[ColumnStrat:keyboard] Step 1/4: { tag: [32m'IFRAME'[39m, col: [1mnull[22m, row: [1mnull[22m }

[1A[2K[ColumnStrat:keyboard] Step 2/4: { tag: [32m'IFRAME'[39m, col: [1mnull[22m, row: [1mnull[22m }

[1A[2K[ColumnStrat:keyboard] Step 3/4: { tag: [32m'IFRAME'[39m, col: [1mnull[22m, row: [1mnull[22m }

[1A[2K[ColumnStrat:keyboard] Step 4/4: { tag: [32m'IFRAME'[39m, col: [1mnull[22m, row: [1mnull[22m }

[1A[2K[FillStrategy] Filling column: Title with value: CEO

[1A[2KVerifying Title...

[1A[2K  1) tests/glide-combined.spec.ts:9:9 › Live Glide Data Grid - Combined › should scan headers and write to multiple columns 

    Error: [2mexpect([22m[31mlocator[39m[2m).[22mtoHaveText[2m([22m[32mexpected[39m[2m)[22m failed

    Locator:  locator('#storybook-preview-iframe').contentFrame().locator('table[role="grid"]').first().locator('tbody tr').first().locator('td[aria-colindex="5"]')
    Expected: [32m"CEO"[39m
    Received: [31m"Lead Paradigm Manager"[39m
    Timeout:  5000ms

    Call log:
    [2m  - Expect "toHaveText" with timeout 5000ms[22m
    [2m  - waiting for locator('#storybook-preview-iframe').contentFrame().locator('table[role="grid"]').first().locator('tbody tr').first().locator('td[aria-colindex="5"]')[22m
    [2m    9 × locator resolved to <td tabindex="-1" role="gridcell" aria-colindex="5" id="glide-cell-5-0" aria-selected="false" aria-readonly="false" data-testid="glide-cell-5-0">Lead Paradigm Manager</td>[22m
    [2m      - unexpected value "Lead Paradigm Manager"[22m


      112 |         console.log("Verifying Title...");
      113 |         const titleCell = firstRow.getCell("Title");
    > 114 |         await expect(titleCell).toHaveText(newTitle);
          |                                 ^
      115 |
      116 |         // Verify First name (need to scroll back because it's virtualized)
      117 |         console.log("Scrolling back to verify First name...");
        at /Users/cedrick/Documents/projects/playwright-smart-table/tests/glide-combined.spec.ts:114:33

    attachment #1: screenshot (image/png) ──────────────────────────────────────────────────────────
    test-results/glide-combined-Live-Glide--4d268-d-write-to-multiple-columns/test-failed-1.png
    ────────────────────────────────────────────────────────────────────────────────────────────────

    attachment #2: video (video/webm) ──────────────────────────────────────────────────────────────
    test-results/glide-combined-Live-Glide--4d268-d-write-to-multiple-columns/video.webm
    ────────────────────────────────────────────────────────────────────────────────────────────────

    Error Context: test-results/glide-combined-Live-Glide--4d268-d-write-to-multiple-columns/error-context.md

    attachment #4: trace (application/zip) ─────────────────────────────────────────────────────────
    test-results/glide-combined-Live-Glide--4d268-d-write-to-multiple-columns/trace.zip
    Usage:

        npx playwright show-trace test-results/glide-combined-Live-Glide--4d268-d-write-to-multiple-columns/trace.zip

    ────────────────────────────────────────────────────────────────────────────────────────────────


[1A[2K  1 failed
    tests/glide-combined.spec.ts:9:9 › Live Glide Data Grid - Combined › should scan headers and write to multiple columns 

[36m  Serving HTML report at http://localhost:50125. Press Ctrl+C to quit.[39m
